                                 Started job on |	Sep 29 15:47:08
                             Started mapping on |	Sep 29 15:47:39
                                    Finished on |	Sep 29 15:59:40
       Mapping speed, Million of reads per hour |	311.08

                          Number of input reads |	62301620
                      Average input read length |	200
                                    UNIQUE READS:
                   Uniquely mapped reads number |	53922700
                        Uniquely mapped reads % |	86.55%
                          Average mapped length |	198.62
                       Number of splices: Total |	123680
            Number of splices: Annotated (sjdb) |	2783
                       Number of splices: GT/AG |	53300
                       Number of splices: GC/AG |	3575
                       Number of splices: AT/AC |	532
               Number of splices: Non-canonical |	66273
                      Mismatch rate per base, % |	0.72%
                         Deletion rate per base |	0.01%
                        Deletion average length |	2.08
                        Insertion rate per base |	0.01%
                       Insertion average length |	1.91
                             MULTI-MAPPING READS:
        Number of reads mapped to multiple loci |	2269911
             % of reads mapped to multiple loci |	3.64%
        Number of reads mapped to too many loci |	446103
             % of reads mapped to too many loci |	0.72%
                                  UNMAPPED READS:
  Number of reads unmapped: too many mismatches |	0
       % of reads unmapped: too many mismatches |	0.00%
            Number of reads unmapped: too short |	4850530
                 % of reads unmapped: too short |	7.79%
                Number of reads unmapped: other |	812376
                     % of reads unmapped: other |	1.30%
                                  CHIMERIC READS:
                       Number of chimeric reads |	0
                            % of chimeric reads |	0.00%
