                                 Started job on |	Aug 03 13:04:12
                             Started mapping on |	Aug 03 13:05:00
                                    Finished on |	Aug 03 13:13:47
       Mapping speed, Million of reads per hour |	673.07

                          Number of input reads |	98530438
                      Average input read length |	200
                                    UNIQUE READS:
                   Uniquely mapped reads number |	91278704
                        Uniquely mapped reads % |	92.64%
                          Average mapped length |	199.41
                       Number of splices: Total |	76535090
            Number of splices: Annotated (sjdb) |	76329289
                       Number of splices: GT/AG |	75822636
                       Number of splices: GC/AG |	568903
                       Number of splices: AT/AC |	65517
               Number of splices: Non-canonical |	78034
                      Mismatch rate per base, % |	0.23%
                         Deletion rate per base |	0.01%
                        Deletion average length |	1.84
                        Insertion rate per base |	0.01%
                       Insertion average length |	1.50
                             MULTI-MAPPING READS:
        Number of reads mapped to multiple loci |	4889495
             % of reads mapped to multiple loci |	4.96%
        Number of reads mapped to too many loci |	11111
             % of reads mapped to too many loci |	0.01%
                                  UNMAPPED READS:
  Number of reads unmapped: too many mismatches |	0
       % of reads unmapped: too many mismatches |	0.00%
            Number of reads unmapped: too short |	2343311
                 % of reads unmapped: too short |	2.38%
                Number of reads unmapped: other |	7817
                     % of reads unmapped: other |	0.01%
                                  CHIMERIC READS:
                       Number of chimeric reads |	0
                            % of chimeric reads |	0.00%
