[2026-08-10 11:10:27,594] multiqc                                            [DEBUG  ]  This is MultiQC v1.12
[2026-08-10 11:10:27,594] multiqc                                            [DEBUG  ]  No MultiQC config found: /usr/lib/python3.8/site-packages/multiqc_config.yaml
[2026-08-10 11:10:27,594] multiqc                                            [DEBUG  ]  No MultiQC config found: /usr3/graduate/jorofino/.multiqc_config.yaml
[2026-08-10 11:10:27,594] multiqc                                            [DEBUG  ]  No MultiQC config found: multiqc_config.yaml
[2026-08-10 11:10:27,594] multiqc                                            [DEBUG  ]  Command used: /usr/bin/multiqc .
[2026-08-10 11:10:27,922] multiqc                                            [WARNING]  MultiQC Version v1.35 now available!
[2026-08-10 11:10:27,922] multiqc                                            [DEBUG  ]  Command     : /usr/bin/multiqc .
[2026-08-10 11:10:27,922] multiqc                                            [DEBUG  ]  Working dir : /projectnb/bf528/admin/development/qc-casebook/results/case_D
[2026-08-10 11:10:27,922] multiqc                                            [DEBUG  ]  Template    : default
[2026-08-10 11:10:27,922] multiqc                                            [DEBUG  ]  Running Python 3.8.1 (default, Dec 26 2019, 14:42:08)  [GCC 9.2.0]
[2026-08-10 11:10:27,923] multiqc                                            [DEBUG  ]  Analysing modules: custom_content, ccs, ngsderive, purple, conpair, lima, peddy, somalier, methylQA, mosdepth, phantompeakqualtools, qualimap, preseq, quast, qorts, rna_seqc, rockhopper, rsem, rseqc, busco, bustools, goleft_indexcov, gffcompare, disambiguate, supernova, deeptools, sargasso, verifybamid, mirtrace, happy, mirtop, sambamba, homer, hops, macs2, theta2, snpeff, gatk, htseq, bcftools, featureCounts, fgbio, dragen, dedup, pbmarkdup, damageprofiler, biobambam2, jcvi, mtnucratio, picard, vep, sentieon, prokka, qc3C, nanostat, samblaster, samtools, sexdeterrmine, eigenstratdatabasetools, bamtools, jellyfish, vcftools, longranger, stacks, varscan2, snippy, bbmap, bismark, biscuit, hicexplorer, hicup, hicpro, salmon, kallisto, slamdunk, star, hisat2, tophat, bowtie2, bowtie1, snpsplit, odgi, pangolin, kat, leehom, adapterRemoval, clipandmerge, cutadapt, flexbar, kaiju, kraken, malt, trimmomatic, sickle, skewer, sortmerna, biobloomtools, fastq_screen, afterqc, fastp, fastqc, pychopper, pycoqc, minionqc, multivcfanalyzer, clusterflow, checkqc, bcl2fastq, bclconvert, interop, ivar, flash, seqyclean, optitype, whatshap
[2026-08-10 11:10:27,923] multiqc                                            [DEBUG  ]  Using temporary directory for creating report: /scratch/438045.1.ood/tmpvxqhg87i
[2026-08-10 11:10:28,072] multiqc                                            [INFO   ]  Search path : /projectnb/bf528/admin/development/qc-casebook/results/case_D
[2026-08-10 11:10:28,122] multiqc                                            [DEBUG  ]  File ignored by ccs/v4 because it exceeded search pattern filesize limit: read_distribution.txt
[2026-08-10 11:10:28,126] multiqc                                            [DEBUG  ]  File ignored by lima/summary because it exceeded search pattern filesize limit: read_distribution.txt
[2026-08-10 11:10:28,164] multiqc                                            [DEBUG  ]  File ignored by ccs/v4 because it exceeded search pattern filesize limit: R2_reads_fastqc.html
[2026-08-10 11:10:28,167] multiqc                                            [DEBUG  ]  File ignored by hicexplorer because it exceeded search pattern filesize limit: R2_reads_fastqc.html
[2026-08-10 11:10:28,168] multiqc                                            [DEBUG  ]  File ignored by lima/summary because it exceeded search pattern filesize limit: R2_reads_fastqc.html
[2026-08-10 11:10:28,174] multiqc                                            [DEBUG  ]  File ignored by vep/vep_txt because it exceeded search pattern filesize limit: R2_reads_fastqc.html
[2026-08-10 11:10:28,174] multiqc                                            [DEBUG  ]  File ignored by longranger/invocation because it exceeded search pattern filesize limit: R2_reads_fastqc.html
[2026-08-10 11:10:28,174] multiqc                                            [DEBUG  ]  File ignored by rockhopper because it exceeded search pattern filesize limit: R2_reads_fastqc.html
[2026-08-10 11:10:28,174] multiqc                                            [DEBUG  ]  File ignored by rseqc/bam_stat because it exceeded search pattern filesize limit: R2_reads_fastqc.html
[2026-08-10 11:10:28,174] multiqc                                            [DEBUG  ]  File ignored by rseqc/junction_annotation because it exceeded search pattern filesize limit: R2_reads_fastqc.html
[2026-08-10 11:10:28,174] multiqc                                            [DEBUG  ]  File ignored by rseqc/read_distribution because it exceeded search pattern filesize limit: R2_reads_fastqc.html
[2026-08-10 11:10:28,174] multiqc                                            [DEBUG  ]  File ignored by rseqc/infer_experiment because it exceeded search pattern filesize limit: R2_reads_fastqc.html
[2026-08-10 11:10:28,262] multiqc                                            [DEBUG  ]  File ignored by nanostat because it exceeded search pattern filesize limit: R2_reads_fastqc.html
[2026-08-10 11:10:28,311] multiqc                                            [DEBUG  ]  File ignored by ccs/v4 because it exceeded search pattern filesize limit: R1_reads_fastqc.html
[2026-08-10 11:10:28,314] multiqc                                            [DEBUG  ]  File ignored by hicexplorer because it exceeded search pattern filesize limit: R1_reads_fastqc.html
[2026-08-10 11:10:28,315] multiqc                                            [DEBUG  ]  File ignored by lima/summary because it exceeded search pattern filesize limit: R1_reads_fastqc.html
[2026-08-10 11:10:28,321] multiqc                                            [DEBUG  ]  File ignored by vep/vep_txt because it exceeded search pattern filesize limit: R1_reads_fastqc.html
[2026-08-10 11:10:28,322] multiqc                                            [DEBUG  ]  File ignored by longranger/invocation because it exceeded search pattern filesize limit: R1_reads_fastqc.html
[2026-08-10 11:10:28,322] multiqc                                            [DEBUG  ]  File ignored by rockhopper because it exceeded search pattern filesize limit: R1_reads_fastqc.html
[2026-08-10 11:10:28,322] multiqc                                            [DEBUG  ]  File ignored by rseqc/bam_stat because it exceeded search pattern filesize limit: R1_reads_fastqc.html
[2026-08-10 11:10:28,322] multiqc                                            [DEBUG  ]  File ignored by rseqc/junction_annotation because it exceeded search pattern filesize limit: R1_reads_fastqc.html
[2026-08-10 11:10:28,322] multiqc                                            [DEBUG  ]  File ignored by rseqc/read_distribution because it exceeded search pattern filesize limit: R1_reads_fastqc.html
[2026-08-10 11:10:28,322] multiqc                                            [DEBUG  ]  File ignored by rseqc/infer_experiment because it exceeded search pattern filesize limit: R1_reads_fastqc.html
[2026-08-10 11:10:28,404] multiqc                                            [DEBUG  ]  File ignored by nanostat because it exceeded search pattern filesize limit: R1_reads_fastqc.html
[2026-08-10 11:10:28,806] multiqc.plots.bargraph                             [DEBUG  ]  Using matplotlib version 3.1.2
[2026-08-10 11:10:28,829] multiqc.modules.rseqc.rseqc                        [INFO   ]  Found 1 read_distribution reports
[2026-08-10 11:10:28,832] multiqc.plots.linegraph                            [DEBUG  ]  Using matplotlib version 3.1.2
[2026-08-10 11:10:28,846] multiqc.modules.star.star                          [INFO   ]  Found 1 reports
[2026-08-10 11:10:28,911] multiqc.modules.fastqc.fastqc                      [INFO   ]  Found 2 reports
[2026-08-10 11:10:28,989] multiqc                                            [INFO   ]  Compressing plot data
[2026-08-10 11:10:29,071] multiqc                                            [INFO   ]  Report      : multiqc_report.html
[2026-08-10 11:10:29,071] multiqc                                            [INFO   ]  Data        : multiqc_data
[2026-08-10 11:10:29,071] multiqc                                            [DEBUG  ]  Moving data file from '/scratch/438045.1.ood/tmpvxqhg87i/multiqc_data' to '/projectnb/bf528/admin/development/qc-casebook/results/case_D/multiqc_data'
[2026-08-10 11:10:29,229] multiqc                                            [INFO   ]  MultiQC complete
