                                 Started job on |	Aug 06 15:52:39
                             Started mapping on |	Aug 06 15:53:08
                                    Finished on |	Aug 06 16:04:48
       Mapping speed, Million of reads per hour |	506.73

                          Number of input reads |	98530438
                      Average input read length |	200
                                    UNIQUE READS:
                   Uniquely mapped reads number |	70894574
                        Uniquely mapped reads % |	71.95%
                          Average mapped length |	187.34
                       Number of splices: Total |	53147834
            Number of splices: Annotated (sjdb) |	53008195
                       Number of splices: GT/AG |	52650892
                       Number of splices: GC/AG |	398176
                       Number of splices: AT/AC |	45533
               Number of splices: Non-canonical |	53233
                      Mismatch rate per base, % |	0.27%
                         Deletion rate per base |	0.01%
                        Deletion average length |	1.82
                        Insertion rate per base |	0.01%
                       Insertion average length |	1.47
                             MULTI-MAPPING READS:
        Number of reads mapped to multiple loci |	4154845
             % of reads mapped to multiple loci |	4.22%
        Number of reads mapped to too many loci |	9681
             % of reads mapped to too many loci |	0.01%
                                  UNMAPPED READS:
  Number of reads unmapped: too many mismatches |	0
       % of reads unmapped: too many mismatches |	0.00%
            Number of reads unmapped: too short |	23466356
                 % of reads unmapped: too short |	23.82%
                Number of reads unmapped: other |	4982
                     % of reads unmapped: other |	0.01%
                                  CHIMERIC READS:
                       Number of chimeric reads |	0
                            % of chimeric reads |	0.00%
