                                 Started job on |	Aug 13 14:25:59
                             Started mapping on |	Aug 13 14:26:33
                                    Finished on |	Aug 13 14:36:37
       Mapping speed, Million of reads per hour |	587.27

                          Number of input reads |	98530438
                      Average input read length |	200
                                    UNIQUE READS:
                   Uniquely mapped reads number |	90378458
                        Uniquely mapped reads % |	91.73%
                          Average mapped length |	199.30
                       Number of splices: Total |	65082586
            Number of splices: Annotated (sjdb) |	64878839
                       Number of splices: GT/AG |	64460052
                       Number of splices: GC/AG |	484844
                       Number of splices: AT/AC |	55641
               Number of splices: Non-canonical |	82049
                      Mismatch rate per base, % |	0.30%
                         Deletion rate per base |	0.01%
                        Deletion average length |	1.88
                        Insertion rate per base |	0.01%
                       Insertion average length |	1.56
                             MULTI-MAPPING READS:
        Number of reads mapped to multiple loci |	4693178
             % of reads mapped to multiple loci |	4.76%
        Number of reads mapped to too many loci |	114361
             % of reads mapped to too many loci |	0.12%
                                  UNMAPPED READS:
  Number of reads unmapped: too many mismatches |	0
       % of reads unmapped: too many mismatches |	0.00%
            Number of reads unmapped: too short |	3143740
                 % of reads unmapped: too short |	3.19%
                Number of reads unmapped: other |	200701
                     % of reads unmapped: other |	0.20%
                                  CHIMERIC READS:
                       Number of chimeric reads |	0
                            % of chimeric reads |	0.00%
